0 verbose cli /usr/local/bin/node /usr/local/lib/node_modules/npm/bin/npm-cli.js
1 info using npm@11.9.0
2 info using node@v24.14.0
3 silly config load:file:/usr/local/lib/node_modules/npm/npmrc
4 silly config load:file:/Users/.npmrc
5 silly config load:file:/Users/macbook/.npmrc
6 silly config load:file:/usr/local/etc/npmrc
7 verbose title npm exec plugins add vercel/vercel-plugin
8 verbose argv "exec" "--" "plugins" "add" "vercel/vercel-plugin"
9 verbose logfile logs-max:10 dir:/Users/macbook/Desktop/SoloProject/Thingsome/.npm-cache/_logs/2026-05-24T06_29_01_038Z-
10 verbose logfile /Users/macbook/Desktop/SoloProject/Thingsome/.npm-cache/_logs/2026-05-24T06_29_01_038Z-debug-0.log
11 silly logfile done cleaning log files
12 silly packumentCache heap:2348810240 maxSize:587202560 maxEntrySize:293601280
13 http fetch GET 200 https://registry.npmjs.org/plugins 314ms (cache miss)
14 silly packumentCache heap:2348810240 maxSize:587202560 maxEntrySize:293601280
15 silly packumentCache heap:2348810240 maxSize:587202560 maxEntrySize:293601280
16 silly idealTree buildDeps
17 silly fetch manifest plugins@1.3.1
18 silly packumentCache full:https://registry.npmjs.org/plugins cache-miss
19 http fetch GET 200 https://registry.npmjs.org/plugins 234ms (cache miss)
20 silly packumentCache full:https://registry.npmjs.org/plugins set size:undefined disposed:false
21 silly placeDep ROOT plugins@1.3.1 OK for:  want: 1.3.1
22 silly reify moves {}
23 silly audit bulk request { plugins: [ '1.3.1' ] }
24 http cache plugins@https://registry.npmjs.org/plugins/-/plugins-1.3.1.tgz 0ms (cache hit)
25 silly tarball no local data for plugins@https://registry.npmjs.org/plugins/-/plugins-1.3.1.tgz. Extracting by manifest.
26 http fetch GET 200 https://registry.npmjs.org/plugins/-/plugins-1.3.1.tgz 137ms (cache miss)
27 http fetch POST 200 https://registry.npmjs.org/-/npm/v1/security/advisories/bulk 247ms
28 silly audit report {}
29 verbose cwd /Users
30 verbose os Darwin 24.3.0
31 verbose node v24.14.0
32 verbose npm  v11.9.0
33 verbose exit 0
34 info ok
