0 verbose cli /usr/local/bin/node /usr/local/bin/npm
1 info using npm@11.9.0
2 info using node@v24.14.0
3 silly config load:file:/usr/local/lib/node_modules/npm/npmrc
4 silly config load:file:/Users/macbook/Library/Caches/typescript/6.0/.npmrc
5 silly config load:file:/Users/macbook/.npmrc
6 silly config load:file:/usr/local/etc/npmrc
7 verbose title npm install types-registry@latest
8 verbose argv "install" "--ignore-scripts" "types-registry@latest"
9 verbose logfile logs-max:10 dir:/Users/macbook/Desktop/SoloProject/Thingsome/.npm-cache/_logs/2026-05-24T12_02_17_299Z-
10 verbose logfile /Users/macbook/Desktop/SoloProject/Thingsome/.npm-cache/_logs/2026-05-24T12_02_17_299Z-debug-0.log
11 silly logfile done cleaning log files
12 silly packumentCache heap:2348810240 maxSize:587202560 maxEntrySize:293601280
13 silly packumentCache corgi:https://registry.npmjs.org/types-registry cache-miss
14 http fetch GET 200 https://registry.npmjs.org/types-registry 198ms (cache miss)
15 silly packumentCache corgi:https://registry.npmjs.org/types-registry set size:undefined disposed:false
16 silly idealTree buildDeps
17 silly fetch manifest types-registry@0.1.771
18 silly packumentCache full:https://registry.npmjs.org/types-registry cache-miss
19 http fetch GET 200 https://registry.npmjs.org/types-registry 290ms (cache miss)
20 silly packumentCache full:https://registry.npmjs.org/types-registry set size:undefined disposed:false
21 silly placeDep ROOT types-registry@0.1.771 OK for:  want: 0.1.771
22 silly reify moves {}
23 silly audit bulk request { 'types-registry': [ '0.1.771' ] }
24 http cache types-registry@https://registry.npmjs.org/types-registry/-/types-registry-0.1.771.tgz 0ms (cache hit)
25 silly tarball no local data for types-registry@https://registry.npmjs.org/types-registry/-/types-registry-0.1.771.tgz. Extracting by manifest.
26 http fetch GET 200 https://registry.npmjs.org/types-registry/-/types-registry-0.1.771.tgz 161ms (cache miss)
27 http fetch POST 200 https://registry.npmjs.org/-/npm/v1/security/advisories/bulk 178ms
28 silly audit report {}
29 silly ADD node_modules/types-registry
30 verbose cwd /Users/macbook/Library/Caches/typescript/6.0
31 verbose os Darwin 24.3.0
32 verbose node v24.14.0
33 verbose npm  v11.9.0
34 verbose exit 0
35 info ok
